// Jest Snapshot v1, https://goo.gl/fbAQLP

exports[`NavItem Test > Snapshot >  1`] = `
.c2 {
  font-size: 14px;
  line-height: 18px;
  margin: 0px 0px 0px 0px;
  font-style: normal;
  font-weight: normal;
  color: inherit;
  -webkit-transition-delay: 0ms;
  transition-delay: 0ms;
  -webkit-transition-timing-function: cubic-bezier(.3,0,0,1);
  transition-timing-function: cubic-bezier(.3,0,0,1);
  -webkit-transition-duration: 150ms;
  transition-duration: 150ms;
  -webkit-transition-property: color;
  transition-property: color;
}

.c1 {
  display: -webkit-box;
  display: -webkit-flex;
  display: -ms-flexbox;
  display: flex;
  -webkit-align-items: center;
  -webkit-box-align: center;
  -ms-flex-align: center;
  align-items: center;
  width: 20px;
  margin-right: 8px;
}

.c3 {
  overflow: hidden;
  text-overflow: ellipsis;
  white-space: nowrap;
}

.c0 {
  display: -webkit-box;
  display: -webkit-flex;
  display: -ms-flexbox;
  display: flex;
  -webkit-align-items: center;
  -webkit-box-align: center;
  -ms-flex-align: center;
  align-items: center;
  height: 28px;
  padding: 0 6px;
  cursor: pointer;
  overflow: hidden;
  border-radius: 6px;
}

.c0:hover {
  background-color: #0000000D;
}

<a
  class="c0"
  data-testid="bezier-react-nav-item"
>
  <div
    class="c1"
  />
  <span
    class="c2 c3"
    data-testid="bezier-react-text"
  >
    test-content
  </span>
</a>
`;
