// Jest Snapshot v1, https://goo.gl/fbAQLP

exports[`FormHelperText > Snapshot > 1`] = `
.c0 {
  font-size: 13px;
  line-height: 18px;
  margin: 4px 0px 0px 0px;
  font-style: normal;
  font-weight: normal;
  color: #00000066;
  -webkit-transition-delay: 0ms;
  transition-delay: 0ms;
  -webkit-transition-timing-function: cubic-bezier(.3,0,0,1);
  transition-timing-function: cubic-bezier(.3,0,0,1);
  -webkit-transition-duration: 150ms;
  transition-duration: 150ms;
  -webkit-transition-property: color;
  transition-property: color;
}

.c1 {
  display: block;
  padding: 0 2px;
  text-align: left;
}

<p
  class="c0 c1"
  color="txt-black-dark"
  data-testid="bezier-react-form-helper-text"
  id="test"
>
  Lorem ipsum
</p>
`;
