// Jest Snapshot v1, https://goo.gl/fbAQLP

exports[`FormErrorMessage > Snapshot > 1`] = `
.c0 {
  font-size: 13px;
  line-height: 18px;
  margin: 0px 0px 0px 0px;
  font-style: normal;
  font-weight: normal;
  color: #F4800B;
  -webkit-transition-delay: 0ms;
  transition-delay: 0ms;
  -webkit-transition-timing-function: cubic-bezier(.3,0,0,1);
  transition-timing-function: cubic-bezier(.3,0,0,1);
  -webkit-transition-duration: 150ms;
  transition-duration: 150ms;
  -webkit-transition-property: color;
  transition-property: color;
}

.c1 {
  display: block;
  text-align: left;
}

<p
  aria-live="polite"
  class="c0 c1"
  color="bgtxt-orange-normal"
  data-testid="bezier-react-form-error-message"
  id="test"
>
  Lorem ipsum
</p>
`;
