// Jest Snapshot v1, https://goo.gl/fbAQLP

exports[`SegmentedControl Snapshot 1`] = `
.c4 {
  font-size: 1.5rem;
  line-height: 2rem;
  -webkit-letter-spacing: -0.1px;
  -moz-letter-spacing: -0.1px;
  -ms-letter-spacing: -0.1px;
  letter-spacing: -0.1px;
  margin: 0px 0px 0px 0px;
  font-style: normal;
  font-weight: normal;
  color: inherit;
  -webkit-transition-delay: 0ms;
  transition-delay: 0ms;
  -webkit-transition-timing-function: cubic-bezier(.3,0,0,1);
  transition-timing-function: cubic-bezier(.3,0,0,1);
  -webkit-transition-duration: 150ms;
  transition-duration: 150ms;
  -webkit-transition-property: color;
  transition-property: color;
}

.c0 {
  position: relative;
  display: -webkit-inline-box;
  display: -webkit-inline-flex;
  display: -ms-inline-flexbox;
  display: inline-flex;
  -webkit-flex-direction: row;
  -ms-flex-direction: row;
  flex-direction: row;
  -webkit-align-items: center;
  -webkit-box-align: center;
  -ms-flex-align: center;
  align-items: center;
  width: 144px;
  min-width: 50px;
  height: 36px;
  overflow: hidden;
  font-size: 14px;
  font-weight: bold;
  line-height: 18px;
  background-color: #0000000D;
  border-radius: 8px;
  -webkit-transition-delay: 0ms;
  transition-delay: 0ms;
  -webkit-transition-timing-function: cubic-bezier(.3,0,0,1);
  transition-timing-function: cubic-bezier(.3,0,0,1);
  -webkit-transition-duration: 150ms;
  transition-duration: 150ms;
  -webkit-transition-property: background-color;
  transition-property: background-color;
}

.c3 {
  position: absolute;
  box-sizing: border-box;
  display: -webkit-box;
  display: -webkit-flex;
  display: -ms-flexbox;
  display: flex;
  -webkit-flex-direction: row;
  -ms-flex-direction: row;
  flex-direction: row;
  -webkit-align-items: center;
  -webkit-box-align: center;
  -ms-flex-align: center;
  align-items: center;
  -webkit-box-pack: center;
  -webkit-justify-content: center;
  -ms-flex-pack: center;
  justify-content: center;
  padding: 0 4px;
  overflow: hidden;
  font-size: inherit;
  font-weight: inherit;
  line-height: inherit;
  color: #00000066;
  cursor: pointer;
  -webkit-transition-delay: 0ms;
  transition-delay: 0ms;
  -webkit-transition-timing-function: cubic-bezier(.3,0,0,1);
  transition-timing-function: cubic-bezier(.3,0,0,1);
  -webkit-transition-duration: 150ms;
  transition-duration: 150ms;
  -webkit-transition-property: background-color,color;
  transition-property: background-color,color;
  -webkit-user-select: none;
  -moz-user-select: none;
  -ms-user-select: none;
  user-select: none;
}

.c3:hover {
  background-color: #0000000D;
}

.c5 {
  position: absolute;
  box-sizing: border-box;
  display: -webkit-box;
  display: -webkit-flex;
  display: -ms-flexbox;
  display: flex;
  -webkit-flex-direction: row;
  -ms-flex-direction: row;
  flex-direction: row;
  -webkit-align-items: center;
  -webkit-box-align: center;
  -ms-flex-align: center;
  align-items: center;
  -webkit-box-pack: center;
  -webkit-justify-content: center;
  -ms-flex-pack: center;
  justify-content: center;
  padding: 0 4px;
  overflow: hidden;
  font-size: inherit;
  font-weight: inherit;
  line-height: inherit;
  color: #000000D9;
  cursor: auto;
  -webkit-transition-delay: 0ms;
  transition-delay: 0ms;
  -webkit-transition-timing-function: cubic-bezier(.3,0,0,1);
  transition-timing-function: cubic-bezier(.3,0,0,1);
  -webkit-transition-duration: 150ms;
  transition-duration: 150ms;
  -webkit-transition-property: background-color,color;
  transition-property: background-color,color;
  -webkit-user-select: none;
  -moz-user-select: none;
  -ms-user-select: none;
  user-select: none;
}

.c1 {
  position: absolute;
  box-sizing: border-box;
  display: -webkit-box;
  display: -webkit-flex;
  display: -ms-flexbox;
  display: flex;
  -webkit-flex-direction: row;
  -ms-flex-direction: row;
  flex-direction: row;
  -webkit-align-items: center;
  -webkit-box-align: center;
  -ms-flex-align: center;
  align-items: center;
  -webkit-box-pack: center;
  -webkit-justify-content: center;
  -ms-flex-pack: center;
  justify-content: center;
  padding: 2px;
  cursor: default;
  -webkit-transition-delay: 0ms;
  transition-delay: 0ms;
  -webkit-transition-timing-function: cubic-bezier(.3,0,0,1);
  transition-timing-function: cubic-bezier(.3,0,0,1);
  -webkit-transition-duration: 300ms;
  transition-duration: 300ms;
  -webkit-transition-property: -webkit-transform;
  -webkit-transition-property: transform;
  transition-property: transform;
  will-change: transform;
}

.c2 {
  background-color: #FFFFFF;
  box-shadow: inset 0 0 2px 0 #FFFFFF1F, 0 0 2px 1px #0000000D, 0 1px 2px #00000014;
  width: 100%;
  height: 100%;
  background-color: #FFFFFF;
  border-radius: 6px;
}

<div
  class="c0"
  data-testid="bezier-react-segmented-control"
>
  <div
    class="c1"
    style="width: 0px; height: 0px; transform: translateX(0px);"
  >
    <div
      class="c2"
    />
  </div>
  <div
    class="c3"
    data-testid="bezier-react-segmented-control-option-item-0"
    style="width: 0px; height: 0px; left: 0px;"
  >
    <span
      class="c4"
      data-testid="bezier-react-text"
    >
      0
    </span>
  </div>
  <div
    class="c5"
    data-testid="bezier-react-segmented-control-option-item-1"
    style="width: 0px; height: 0px; left: 0px;"
  >
    <span
      class="c4"
      data-testid="bezier-react-text"
    >
      1
    </span>
  </div>
  <div
    class="c3"
    data-testid="bezier-react-segmented-control-option-item-2"
    style="width: 0px; height: 0px; left: 0px;"
  >
    <span
      class="c4"
      data-testid="bezier-react-text"
    >
      2
    </span>
  </div>
  <div
    class="c3"
    data-testid="bezier-react-segmented-control-option-item-3"
    style="width: 0px; height: 0px; left: 0px;"
  >
    <span
      class="c4"
      data-testid="bezier-react-text"
    >
      3
    </span>
  </div>
</div>
`;
